src/components/simulation/HallOfTrials.tsx(26,10): error TS6133: 'lastVictor' is declared but its value is never read.
src/components/simulation/HallOfTrials.tsx(50,16): error TS2551: Property 'exitFulHlscreen' does not exist on type 'Document'. Did you mean 'exitFullscreen'?
src/components/simulation/HallOfTrials.tsx(189,121): error TS2322: Type '{ key: number; playerCount: number; playerKeys: Record<string, string>; onExit: () => void; isMuted: boolean; onComplete: (v: string) => void; }' is not assignable to type 'IntrinsicAttributes & TrialProps'.
  Property 'onExit' does not exist on type 'IntrinsicAttributes & TrialProps'.
src/components/simulation/HallOfTrials.tsx(190,127): error TS2322: Type '{ key: number; playerCount: number; playerKeys: Record<string, string>; onExit: () => void; isMuted: boolean; onComplete: (v: string) => void; }' is not assignable to type 'IntrinsicAttributes & TrialProps'.
  Property 'onExit' does not exist on type 'IntrinsicAttributes & TrialProps'.
src/components/simulation/HallOfTrials.tsx(191,116): error TS2322: Type '{ key: number; playerCount: number; playerKeys: Record<string, string>; onExit: () => void; isMuted: boolean; onComplete: (v: string) => void; }' is not assignable to type 'IntrinsicAttributes & TrialProps'.
  Property 'onExit' does not exist on type 'IntrinsicAttributes & TrialProps'.
src/components/simulation/HallOfTrials.tsx(192,118): error TS2322: Type '{ key: number; playerCount: number; playerKeys: Record<string, string>; onExit: () => void; isMuted: boolean; onComplete: (v: string) => void; }' is not assignable to type 'IntrinsicAttributes & TrialProps'.
  Property 'onExit' does not exist on type 'IntrinsicAttributes & TrialProps'.
src/components/simulation/HallOfTrials.tsx(193,118): error TS2322: Type '{ key: number; playerCount: number; playerKeys: Record<string, string>; onExit: () => void; isMuted: boolean; onComplete: (v: string) => void; }' is not assignable to type 'IntrinsicAttributes & TrialProps'.
  Property 'onExit' does not exist on type 'IntrinsicAttributes & TrialProps'.
src/components/simulation/modes/BurdenOfFate.tsx(14,84): error TS2339: Property 'onExit' does not exist on type 'TrialProps'.
src/components/simulation/modes/BurdenOfFate.tsx(14,84): error TS6133: 'onExit' is declared but its value is never read.
src/components/simulation/modes/EchoesOfOrder.tsx(173,36): error TS2322: Type 'number' is not assignable to type 'string'.
src/components/simulation/modes/EchoesOfOrder.tsx(174,36): error TS2322: Type 'number' is not assignable to type 'string'.
src/components/simulation/modes/JudgementOfInstinct.tsx(59,91): error TS2339: Property 'onExit' does not exist on type 'TrialProps'.
src/components/simulation/modes/JudgementOfInstinct.tsx(59,91): error TS6133: 'onExit' is declared but its value is never read.
src/components/simulation/modes/PathOfTheFallen.tsx(186,44): error TS6133: 'pId' is declared but its value is never read.
